// Jest Snapshot v1, https://goo.gl/fbAQLP

exports[`should render Dashboard correctly 1`] = `
<div>
  <React.Memo />
  <React.Memo />
  <React.Memo />
  ------CoinMarketCap----
  <CoinMarketCap />
</div>
`;
