// Jest Snapshot v1, https://goo.gl/fbAQLP

exports[`should render TransactionListItem correctly 1`] = `
<div>
  <[object Object]
    to="/edit/1"
  >
    <h3>
      Bitcoin
    </h3>
  </[object Object]>
  <p>
    10
    units -
    $3,000.00
    -
    January 1st, 1970
  </p>
</div>
`;
